[0.009s] Invoking command in '/home/kmj/Desktop/hw2/build/my_first_ros_rclcpp_pkg': /usr/bin/cmake /home/kmj/Desktop/hw2/src/my_first_ros_rclcpp_pkg -DCMAKE_INSTALL_PREFIX=/home/kmj/Desktop/hw2/install/my_first_ros_rclcpp_pkg
[0.100s] -- The C compiler identification is GNU 11.4.0
[0.175s] -- The CXX compiler identification is GNU 11.4.0
[0.186s] -- Detecting C compiler ABI info
[0.276s] -- Detecting C compiler ABI info - done
[0.281s] -- Check for working C compiler: /usr/bin/cc - skipped
[0.281s] -- Detecting C compile features
[0.282s] -- Detecting C compile features - done
[0.286s] -- Detecting CXX compiler ABI info
[0.383s] -- Detecting CXX compiler ABI info - done
[0.388s] -- Check for working CXX compiler: /usr/bin/c++ - skipped
[0.388s] -- Detecting CXX compile features
[0.388s] -- Detecting CXX compile features - done
[0.394s] -- Found ament_cmake: 1.3.12 (/opt/ros/humble/share/ament_cmake/cmake)
[0.553s] -- Found Python3: /usr/bin/python3 (found version "3.10.12") found components: Interpreter 
[0.655s] -- Found rclcpp: 16.0.14 (/opt/ros/humble/share/rclcpp/cmake)
[0.700s] -- Found rosidl_generator_c: 3.1.7 (/opt/ros/humble/share/rosidl_generator_c/cmake)
[0.705s] -- Found rosidl_adapter: 3.1.7 (/opt/ros/humble/share/rosidl_adapter/cmake)
[0.715s] -- Found rosidl_generator_cpp: 3.1.7 (/opt/ros/humble/share/rosidl_generator_cpp/cmake)
[0.728s] -- Using all available rosidl_typesupport_c: rosidl_typesupport_fastrtps_c;rosidl_typesupport_introspection_c
[0.746s] -- Using all available rosidl_typesupport_cpp: rosidl_typesupport_fastrtps_cpp;rosidl_typesupport_introspection_cpp
[0.793s] -- Found rmw_implementation_cmake: 6.1.2 (/opt/ros/humble/share/rmw_implementation_cmake/cmake)
[0.796s] -- Found rmw_fastrtps_cpp: 6.2.8 (/opt/ros/humble/share/rmw_fastrtps_cpp/cmake)
[0.894s] -- Found OpenSSL: /usr/lib/x86_64-linux-gnu/libcrypto.so (found version "3.0.2")  
[0.927s] -- Found FastRTPS: /opt/ros/humble/include  
[0.973s] -- Using RMW implementation 'rmw_fastrtps_cpp' as default
[0.983s] -- Looking for pthread.h
[1.076s] -- Looking for pthread.h - found
[1.077s] -- Performing Test CMAKE_HAVE_LIBC_PTHREAD
[1.171s] -- Performing Test CMAKE_HAVE_LIBC_PTHREAD - Success
[1.172s] -- Found Threads: TRUE  
[1.228s] -- Found ament_lint_auto: 0.12.14 (/opt/ros/humble/share/ament_lint_auto/cmake)
[1.276s] Error parsing '/home/kmj/Desktop/hw2/src/my_first_ros_rclcpp_pkg/package.xml':
[1.326s] Traceback (most recent call last):
[1.326s]   File "/usr/lib/python3/dist-packages/catkin_pkg/package.py", line 610, in parse_package_string
[1.326s]     root = dom.parseString(data)
[1.326s]   File "/usr/lib/python3.10/xml/dom/minidom.py", line 2000, in parseString
[1.326s]     return expatbuilder.parseString(string)
[1.326s]   File "/usr/lib/python3.10/xml/dom/expatbuilder.py", line 925, in parseString
[1.326s]     return builder.parseString(string)
[1.326s]   File "/usr/lib/python3.10/xml/dom/expatbuilder.py", line 223, in parseString
[1.326s]     parser.Parse(string, True)
[1.326s] xml.parsers.expat.ExpatError: junk after document element: line 23, column 0
[1.327s] 
[1.327s] During handling of the above exception, another exception occurred:
[1.327s] 
[1.327s] Traceback (most recent call last):
[1.327s]   File "/opt/ros/humble/share/ament_cmake_core/cmake/core/package_xml_2_cmake.py", line 150, in <module>
[1.327s]     main()
[1.327s]   File "/opt/ros/humble/share/ament_cmake_core/cmake/core/package_xml_2_cmake.py", line 53, in main
[1.327s]     raise e
[1.327s]   File "/opt/ros/humble/share/ament_cmake_core/cmake/core/package_xml_2_cmake.py", line 49, in main
[1.327s]     package = parse_package_string(
[1.327s]   File "/usr/lib/python3/dist-packages/catkin_pkg/package.py", line 612, in parse_package_string
[1.327s]     raise InvalidPackage('The manifest contains invalid XML:\n%s' % ex, filename)
[1.327s] catkin_pkg.package.InvalidPackage: Error(s) in package '/home/kmj/Desktop/hw2/src/my_first_ros_rclcpp_pkg/package.xml':
[1.327s] The manifest contains invalid XML:
[1.327s] junk after document element: line 23, column 0
[1.359s] [31mCMake Error at /opt/ros/humble/share/ament_cmake_core/cmake/core/ament_package_xml.cmake:95 (message):
[1.360s]   execute_process(/usr/bin/python3
[1.360s]   /opt/ros/humble/share/ament_cmake_core/cmake/core/package_xml_2_cmake.py
[1.360s]   /home/kmj/Desktop/hw2/src/my_first_ros_rclcpp_pkg/package.xml
[1.360s]   /home/kmj/Desktop/hw2/build/my_first_ros_rclcpp_pkg/ament_cmake_core/package.cmake)
[1.360s]   returned error code 1
[1.360s] Call Stack (most recent call first):
[1.360s]   /opt/ros/humble/share/ament_cmake_core/cmake/core/ament_package_xml.cmake:49 (_ament_package_xml)
[1.360s]   /opt/ros/humble/share/ament_lint_auto/cmake/ament_lint_auto_find_test_dependencies.cmake:31 (ament_package_xml)
[1.360s]   CMakeLists.txt:22 (ament_lint_auto_find_test_dependencies)
[1.360s] 
[1.360s] [0m
[1.360s] -- Configuring incomplete, errors occurred!
[1.360s] See also "/home/kmj/Desktop/hw2/build/my_first_ros_rclcpp_pkg/CMakeFiles/CMakeOutput.log".
[1.383s] Invoked command in '/home/kmj/Desktop/hw2/build/my_first_ros_rclcpp_pkg' returned '1': /usr/bin/cmake /home/kmj/Desktop/hw2/src/my_first_ros_rclcpp_pkg -DCMAKE_INSTALL_PREFIX=/home/kmj/Desktop/hw2/install/my_first_ros_rclcpp_pkg
